#
# There is insufficient memory for the Java Runtime Environment to continue.
# Native memory allocation (malloc) failed to allocate 171792 bytes. Error detail: Chunk::new
# Possible reasons:
#   The system is out of physical RAM or swap space
#   This process is running with CompressedOops enabled, and the Java Heap may be blocking the growth of the native heap
# Possible solutions:
#   Reduce memory load on the system
#   Increase physical memory or swap space
#   Check if swap backing store is full
#   Decrease Java heap size (-Xmx/-Xms)
#   Decrease number of Java threads
#   Decrease Java thread stack sizes (-Xss)
#   Set larger code cache with -XX:ReservedCodeCacheSize=
#   JVM is running with Unscaled Compressed Oops mode in which the Java heap is
#     placed in the first 4GB address space. The Java Heap base address is the
#     maximum limit for the native heap growth. Please use -XX:HeapBaseMinAddress
#     to set the Java Heap base and to place the Java Heap above 4GB virtual address.
# This output file may be truncated or incomplete.
#
#  Out of Memory Error (arena.cpp:168), pid=26456, tid=14436
#
# JRE version: OpenJDK Runtime Environment Temurin-21.0.11+10 (21.0.11+10) (build 21.0.11+10-LTS)
# Java VM: OpenJDK 64-Bit Server VM Temurin-21.0.11+10 (21.0.11+10-LTS, mixed mode, sharing, tiered, compressed oops, compressed class ptrs, parallel gc, windows-amd64)
# No core dump will be written. Minidumps are not enabled by default on client versions of Windows
#

---------------  S U M M A R Y ------------

Command Line: --add-modules=ALL-SYSTEM --add-opens=java.base/java.util=ALL-UNNAMED --add-opens=java.base/java.lang=ALL-UNNAMED --add-opens=java.base/sun.nio.fs=ALL-UNNAMED -Declipse.application=org.eclipse.jdt.ls.core.id1 -Dosgi.bundles.defaultStartLevel=4 -Declipse.product=org.eclipse.jdt.ls.core.product -Djava.import.generatesMetadataFilesAtProjectRoot=false -DDetectVMInstallationsJob.disabled=true -Dfile.encoding=utf8 -XX:+UseParallelGC -XX:GCTimeRatio=4 -XX:AdaptiveSizePolicyWeight=90 -Dsun.zip.disableMemoryMapping=true -Xmx2G -Xms100m -Xlog:disable -javaagent:c:\Users\chenuka\.vscode\extensions\redhat.java-1.55.0-win32-x64\lombok\lombok-1.18.39-4050.jar c:\Users\chenuka\.vscode\extensions\redhat.java-1.55.0-win32-x64\server\plugins\org.eclipse.equinox.launcher_1.7.200.v20260619-2039.jar -configuration c:\Users\chenuka\AppData\Roaming\Code\User\globalStorage\redhat.java\1.55.0\config_ss_win -data c:\Users\chenuka\AppData\Roaming\Code\User\workspaceStorage\e175cf0691be672f2fa39d53267bf843\redhat.java\ss_ws --pipe=\\.\pipe\lsp-13b3a0b7233fdb5b6edf020ee00c2771-sock

Host: 11th Gen Intel(R) Core(TM) i5-1135G7 @ 2.40GHz, 8 cores, 7G,  Windows 11 , 64 bit Build 26100 (10.0.26100.9168)
Time: Wed Sep  2 13:43:27 2026 Sri Lanka Standard Time elapsed time: 1.413529 seconds (0d 0h 0m 1s)

---------------  T H R E A D  ---------------

Current thread (0x000001ccf53525f0):  JavaThread "C2 CompilerThread1" daemon [_thread_in_native, id=14436, stack(0x000000ba6bf00000,0x000000ba6c000000) (1024K)]


Current CompileTask:
C2:1413 1660       4       java.util.HashMap::put (13 bytes)

Stack: [0x000000ba6bf00000,0x000000ba6c000000]
Native frames: (J=compiled Java code, j=interpreted, Vv=VM code, C=native code)
V  [jvm.dll+0x6d7e19]
V  [jvm.dll+0x8b5096]
V  [jvm.dll+0x8b764e]
V  [jvm.dll+0x8b7d33]
V  [jvm.dll+0x284596]
V  [jvm.dll+0xc685d]
V  [jvm.dll+0xc6da1]
V  [jvm.dll+0x3bed6b]
V  [jvm.dll+0x38b2b2]
V  [jvm.dll+0x38a6fa]
V  [jvm.dll+0x24c700]
V  [jvm.dll+0x24bce0]
V  [jvm.dll+0x1cb4ae]
V  [jvm.dll+0x25baad]
V  [jvm.dll+0x25a03a]
V  [jvm.dll+0x3f868e]
V  [jvm.dll+0x85fb0d]
V  [jvm.dll+0x6d664d]
C  [ucrtbase.dll+0x2cd30]
C  [KERNEL32.DLL+0x2ccb7]
C  [ntdll.dll+0xaad6c]


---------------  P R O C E S S  ---------------

Threads class SMR info:
_java_thread_list=0x000001ccf5d6f2c0, length=13, elements={
0x000001ccd8cea690, 0x000001ccd8c53f80, 0x000001ccd8c59800, 0x000001ccd8c5e270,
0x000001ccd8c5c830, 0x000001ccd8c5e900, 0x000001ccd8c5fcb0, 0x000001ccd8c6dd50,
0x000001ccd8c710d0, 0x000001ccd8c5f620, 0x000001ccd8c5d550, 0x000001ccf53525f0,
0x000001ccd8c5ef90
}

Java Threads: ( => current thread )
  0x000001ccd8cea690 JavaThread "main"                              [_thread_in_native, id=24600, stack(0x000000ba6b100000,0x000000ba6b200000) (1024K)]
  0x000001ccd8c53f80 JavaThread "Reference Handler"          daemon [_thread_blocked, id=25672, stack(0x000000ba6b500000,0x000000ba6b600000) (1024K)]
  0x000001ccd8c59800 JavaThread "Finalizer"                  daemon [_thread_blocked, id=27904, stack(0x000000ba6b600000,0x000000ba6b700000) (1024K)]
  0x000001ccd8c5e270 JavaThread "Signal Dispatcher"          daemon [_thread_blocked, id=27852, stack(0x000000ba6b700000,0x000000ba6b800000) (1024K)]
  0x000001ccd8c5c830 JavaThread "Attach Listener"            daemon [_thread_blocked, id=16708, stack(0x000000ba6b800000,0x000000ba6b900000) (1024K)]
  0x000001ccd8c5e900 JavaThread "Service Thread"             daemon [_thread_blocked, id=3544, stack(0x000000ba6b900000,0x000000ba6ba00000) (1024K)]
  0x000001ccd8c5fcb0 JavaThread "Monitor Deflation Thread"   daemon [_thread_blocked, id=29308, stack(0x000000ba6ba00000,0x000000ba6bb00000) (1024K)]
  0x000001ccd8c6dd50 JavaThread "C2 CompilerThread0"         daemon [_thread_blocked, id=12812, stack(0x000000ba6bb00000,0x000000ba6bc00000) (1024K)]
  0x000001ccd8c710d0 JavaThread "C1 CompilerThread0"         daemon [_thread_blocked, id=26400, stack(0x000000ba6bc00000,0x000000ba6bd00000) (1024K)]
  0x000001ccd8c5f620 JavaThread "Common-Cleaner"             daemon [_thread_blocked, id=24880, stack(0x000000ba6bd00000,0x000000ba6be00000) (1024K)]
  0x000001ccd8c5d550 JavaThread "Notification Thread"        daemon [_thread_blocked, id=13308, stack(0x000000ba6be00000,0x000000ba6bf00000) (1024K)]
=>0x000001ccf53525f0 JavaThread "C2 CompilerThread1"         daemon [_thread_in_native, id=14436, stack(0x000000ba6bf00000,0x000000ba6c000000) (1024K)]
  0x000001ccd8c5ef90 JavaThread "Active Thread: Equinox Container: 0b02b7c0-f3a9-4ba3-9fe9-f3a68e82b423"        [_thread_blocked, id=26356, stack(0x000000ba6c600000,0x000000ba6c700000) (1024K)]
Total: 13

Other Threads:
  0x000001ccd8d85760 VMThread "VM Thread"                           [id=25640, stack(0x000000ba6b400000,0x000000ba6b500000) (1024K)]
  0x000001ccd8b6c7e0 WatcherThread "VM Periodic Task Thread"        [id=9280, stack(0x000000ba6b300000,0x000000ba6b400000) (1024K)]
  0x000001ccd8d08920 WorkerThread "GC Thread#0"                     [id=13176, stack(0x000000ba6b200000,0x000000ba6b300000) (1024K)]
  0x000001ccf5aa46f0 WorkerThread "GC Thread#1"                     [id=7904, stack(0x000000ba6c000000,0x000000ba6c100000) (1024K)]
  0x000001ccf58cda40 WorkerThread "GC Thread#2"                     [id=24492, stack(0x000000ba6c100000,0x000000ba6c200000) (1024K)]
  0x000001ccf579bd70 WorkerThread "GC Thread#3"                     [id=19872, stack(0x000000ba6c200000,0x000000ba6c300000) (1024K)]
  0x000001ccf57e1750 WorkerThread "GC Thread#4"                     [id=29072, stack(0x000000ba6c300000,0x000000ba6c400000) (1024K)]
  0x000001ccf57e1b00 WorkerThread "GC Thread#5"                     [id=6828, stack(0x000000ba6c400000,0x000000ba6c500000) (1024K)]
  0x000001ccf57e1eb0 WorkerThread "GC Thread#6"                     [id=28864, stack(0x000000ba6c500000,0x000000ba6c600000) (1024K)]
Total: 9

Threads with active compile tasks:
C2 CompilerThread1  1440 1660       4       java.util.HashMap::put (13 bytes)
Total: 1

VM state: not at safepoint (normal execution)

VM Mutex/Monitor currently owned by a thread: None

Heap address: 0x0000000080000000, size: 2048 MB, Compressed Oops mode: 32-bit

CDS archive(s) mapped at: [0x000001cc80000000-0x000001cc80ba0000-0x000001cc80ba0000), size 12189696, SharedBaseAddress: 0x000001cc80000000, ArchiveRelocationMode: 1.
Compressed class space mapped at: 0x000001cc81000000-0x000001ccc1000000, reserved size: 1073741824
Narrow klass base: 0x000001cc80000000, Narrow klass shift: 0, Narrow klass range: 0x100000000

GC Precious Log:
 CardTable entry size: 512
 CPUs: 8 total, 8 available
 Memory: 7914M
 Large Page Support: Disabled
 NUMA Support: Disabled
 Compressed Oops: Enabled (32-bit)
 Alignments: Space 512K, Generation 512K, Heap 2M
 Heap Min Capacity: 100M
 Heap Initial Capacity: 100M
 Heap Max Capacity: 2G
 Pre-touch: Disabled
 Parallel Workers: 8

Heap:
 PSYoungGen      total 29696K, used 24669K [0x00000000d5580000, 0x00000000d7680000, 0x0000000100000000)
  eden space 25600K, 83% used [0x00000000d5580000,0x00000000d6a5d948,0x00000000d6e80000)
  from space 4096K, 80% used [0x00000000d6e80000,0x00000000d71b9e98,0x00000000d7280000)
  to   space 4096K, 0% used [0x00000000d7280000,0x00000000d7280000,0x00000000d7680000)
 ParOldGen       total 68608K, used 16K [0x0000000080000000, 0x0000000084300000, 0x00000000d5580000)
  object space 68608K, 0% used [0x0000000080000000,0x0000000080004000,0x0000000084300000)
 Metaspace       used 7719K, committed 8000K, reserved 1114112K
  class space    used 805K, committed 896K, reserved 1048576K

Card table byte_map: [0x000001ccd8680000,0x000001ccd8a90000] _byte_map_base: 0x000001ccd8280000

Marking Bits: (ParMarkBitMap*) 0x00007ffba85f4460
 Begin Bits: [0x000001cceb190000, 0x000001cced190000)
 End Bits:   [0x000001cced190000, 0x000001ccef190000)

Polling page: 0x000001ccd6af0000

Metaspace:

Usage:
  Non-class:      6.75 MB used.
      Class:    805.48 KB used.
       Both:      7.54 MB used.

Virtual space:
  Non-class space:       64.00 MB reserved,       6.94 MB ( 11%) committed,  1 nodes.
      Class space:        1.00 GB reserved,     896.00 KB ( <1%) committed,  1 nodes.
             Both:        1.06 GB reserved,       7.81 MB ( <1%) committed. 

Chunk freelists:
   Non-Class:  8.99 MB
       Class:  14.94 MB
        Both:  23.92 MB

MaxMetaspaceSize: unlimited
CompressedClassSpaceSize: 1.00 GB
Initial GC threshold: 21.00 MB
Current GC threshold: 21.00 MB
CDS: on
 - commit_granule_bytes: 65536.
 - commit_granule_words: 8192.
 - virtual_space_node_default_size: 8388608.
 - enlarge_chunks_in_place: 1.
 - use_allocation_guard: 0.


Internal statistics:

num_allocs_failed_limit: 0.
num_arena_births: 228.
num_arena_deaths: 0.
num_vsnodes_births: 2.
num_vsnodes_deaths: 0.
num_space_committed: 125.
num_space_uncommitted: 0.
num_chunks_returned_to_freelist: 0.
num_chunks_taken_from_freelist: 414.
num_chunk_merges: 0.
num_chunk_splits: 265.
num_chunks_enlarged: 171.
num_inconsistent_stats: 0.

CodeHeap 'non-profiled nmethods': size=120000Kb used=724Kb max_used=724Kb free=119275Kb
 bounds [0x000001cce39b0000, 0x000001cce3c20000, 0x000001cceaee0000]
CodeHeap 'profiled nmethods': size=120000Kb used=3022Kb max_used=3022Kb free=116977Kb
 bounds [0x000001ccdbee0000, 0x000001ccdc1e0000, 0x000001cce3410000]
CodeHeap 'non-nmethods': size=5760Kb used=1222Kb max_used=1249Kb free=4537Kb
 bounds [0x000001cce3410000, 0x000001cce3680000, 0x000001cce39b0000]
CodeCache: size=245760Kb, used=4968Kb, max_used=4995Kb, free=240789Kb
 total_blobs=2170, nmethods=1693, adapters=384, full_count=0
Compilation: enabled, stopped_count=0, restarted_count=0

Compilation events (20 events):
Event: 1.401 Thread 0x000001ccd8c6dd50 1657       4       jdk.internal.org.objectweb.asm.SymbolTable::addConstantUtf8 (98 bytes)
Event: 1.401 Thread 0x000001ccf53525f0 nmethod 1647 0x000001cce3a61890 code [0x000001cce3a61a20, 0x000001cce3a61cc0]
Event: 1.403 Thread 0x000001ccf53525f0 1660       4       java.util.HashMap::put (13 bytes)
Event: 1.404 Thread 0x000001ccd8c710d0 nmethod 1654 0x000001ccdc1b8190 code [0x000001ccdc1b88c0, 0x000001ccdc1bafa0]
Event: 1.404 Thread 0x000001ccd8c710d0 1649       3       jdk.internal.org.objectweb.asm.MethodWriter::visitMaxs (60 bytes)
Event: 1.404 Thread 0x000001ccd8c710d0 nmethod 1649 0x000001ccdc1bc310 code [0x000001ccdc1bc4e0, 0x000001ccdc1bc798]
Event: 1.404 Thread 0x000001ccd8c710d0 1651       3       jdk.internal.org.objectweb.asm.MethodWriter::visitEnd (1 bytes)
Event: 1.404 Thread 0x000001ccd8c710d0 nmethod 1651 0x000001ccdc1bc890 code [0x000001ccdc1bca20, 0x000001ccdc1bcb28]
Event: 1.404 Thread 0x000001ccd8c710d0 1652       3       jdk.internal.org.objectweb.asm.MethodWriter::computeMethodInfoSize (571 bytes)
Event: 1.405 Thread 0x000001ccd8c710d0 nmethod 1652 0x000001ccdc1bcb90 code [0x000001ccdc1bcec0, 0x000001ccdc1bdd08]
Event: 1.406 Thread 0x000001ccd8c710d0 1661       3       java.util.Base64$Decoder::decode0 (419 bytes)
Event: 1.407 Thread 0x000001ccd8c710d0 nmethod 1661 0x000001ccdc1be390 code [0x000001ccdc1be720, 0x000001ccdc1bfd40]
Event: 1.407 Thread 0x000001ccd8c710d0 1653       3       jdk.internal.org.objectweb.asm.MethodWriter::hasFrames (13 bytes)
Event: 1.407 Thread 0x000001ccd8c710d0 nmethod 1653 0x000001ccdc1c0690 code [0x000001ccdc1c0820, 0x000001ccdc1c0980]
Event: 1.407 Thread 0x000001ccd8c710d0 1656       3       sun.invoke.util.Wrapper::isSubwordOrInt (20 bytes)
Event: 1.407 Thread 0x000001ccd8c710d0 nmethod 1656 0x000001ccdc1c0a10 code [0x000001ccdc1c0be0, 0x000001ccdc1c0fb0]
Event: 1.411 Thread 0x000001ccd8c710d0 1662       3       java.lang.invoke.MethodHandleNatives::refKindIsMethod (19 bytes)
Event: 1.411 Thread 0x000001ccd8c710d0 nmethod 1662 0x000001ccdc1c1090 code [0x000001ccdc1c1240, 0x000001ccdc1c1468]
Event: 1.411 Thread 0x000001ccd8c710d0 1663       3       java.lang.invoke.MethodHandle::isBuiltinLoader (24 bytes)
Event: 1.411 Thread 0x000001ccd8c710d0 nmethod 1663 0x000001ccdc1c1510 code [0x000001ccdc1c16c0, 0x000001ccdc1c1928]

GC Heap History (2 events):
Event: 0.824 GC heap before
{Heap before GC invocations=1 (full 0):
 PSYoungGen      total 29696K, used 25600K [0x00000000d5580000, 0x00000000d7680000, 0x0000000100000000)
  eden space 25600K, 100% used [0x00000000d5580000,0x00000000d6e80000,0x00000000d6e80000)
  from space 4096K, 0% used [0x00000000d7280000,0x00000000d7280000,0x00000000d7680000)
  to   space 4096K, 0% used [0x00000000d6e80000,0x00000000d6e80000,0x00000000d7280000)
 ParOldGen       total 68608K, used 0K [0x0000000080000000, 0x0000000084300000, 0x00000000d5580000)
  object space 68608K, 0% used [0x0000000080000000,0x0000000080000000,0x0000000084300000)
 Metaspace       used 4348K, committed 4608K, reserved 1114112K
  class space    used 474K, committed 576K, reserved 1048576K
}
Event: 0.831 GC heap after
{Heap after GC invocations=1 (full 0):
 PSYoungGen      total 29696K, used 3303K [0x00000000d5580000, 0x00000000d7680000, 0x0000000100000000)
  eden space 25600K, 0% used [0x00000000d5580000,0x00000000d5580000,0x00000000d6e80000)
  from space 4096K, 80% used [0x00000000d6e80000,0x00000000d71b9e98,0x00000000d7280000)
  to   space 4096K, 0% used [0x00000000d7280000,0x00000000d7280000,0x00000000d7680000)
 ParOldGen       total 68608K, used 16K [0x0000000080000000, 0x0000000084300000, 0x00000000d5580000)
  object space 68608K, 0% used [0x0000000080000000,0x0000000080004000,0x0000000084300000)
 Metaspace       used 4348K, committed 4608K, reserved 1114112K
  class space    used 474K, committed 576K, reserved 1048576K
}

Dll operation events (8 events):
Event: 0.012 Loaded shared library c:\Users\chenuka\.vscode\extensions\redhat.java-1.55.0-win32-x64\jre\21.0.11-win32-x86_64\bin\java.dll
Event: 0.085 Loaded shared library c:\Users\chenuka\.vscode\extensions\redhat.java-1.55.0-win32-x64\jre\21.0.11-win32-x86_64\bin\zip.dll
Event: 0.106 Loaded shared library C:\Users\chenuka\.vscode\extensions\redhat.java-1.55.0-win32-x64\jre\21.0.11-win32-x86_64\bin\instrument.dll
Event: 0.111 Loaded shared library C:\Users\chenuka\.vscode\extensions\redhat.java-1.55.0-win32-x64\jre\21.0.11-win32-x86_64\bin\net.dll
Event: 0.114 Loaded shared library C:\Users\chenuka\.vscode\extensions\redhat.java-1.55.0-win32-x64\jre\21.0.11-win32-x86_64\bin\nio.dll
Event: 0.117 Loaded shared library C:\Users\chenuka\.vscode\extensions\redhat.java-1.55.0-win32-x64\jre\21.0.11-win32-x86_64\bin\zip.dll
Event: 0.134 Loaded shared library C:\Users\chenuka\.vscode\extensions\redhat.java-1.55.0-win32-x64\jre\21.0.11-win32-x86_64\bin\jimage.dll
Event: 0.222 Loaded shared library c:\Users\chenuka\.vscode\extensions\redhat.java-1.55.0-win32-x64\jre\21.0.11-win32-x86_64\bin\verify.dll

Deoptimization events (20 events):
Event: 1.302 Thread 0x000001ccd8cea690 Uncommon trap: trap_request=0xffffff45 fr.pc=0x000001cce3a290cc relative=0x00000000000000ac
Event: 1.302 Thread 0x000001ccd8cea690 Uncommon trap: reason=unstable_if action=reinterpret pc=0x000001cce3a290cc method=java.util.concurrent.locks.ReentrantLock$NonfairSync.initialTryLock()Z @ 10 c2
Event: 1.302 Thread 0x000001ccd8cea690 DEOPT PACKING pc=0x000001cce3a290cc sp=0x000000ba6b1fe9e0
Event: 1.302 Thread 0x000001ccd8cea690 DEOPT UNPACKING pc=0x000001cce3466da2 sp=0x000000ba6b1fe970 mode 2
Event: 1.302 Thread 0x000001ccd8cea690 Uncommon trap: trap_request=0xffffff45 fr.pc=0x000001cce3a28d34 relative=0x0000000000000094
Event: 1.302 Thread 0x000001ccd8cea690 Uncommon trap: reason=unstable_if action=reinterpret pc=0x000001cce3a28d34 method=java.util.concurrent.locks.ReentrantLock$Sync.tryRelease(I)Z @ 26 c2
Event: 1.302 Thread 0x000001ccd8cea690 DEOPT PACKING pc=0x000001cce3a28d34 sp=0x000000ba6b1feab0
Event: 1.302 Thread 0x000001ccd8cea690 DEOPT UNPACKING pc=0x000001cce3466da2 sp=0x000000ba6b1fea30 mode 2
Event: 1.384 Thread 0x000001ccd8cea690 Uncommon trap: trap_request=0xffffffde fr.pc=0x000001cce3a4c658 relative=0x00000000000009d8
Event: 1.384 Thread 0x000001ccd8cea690 Uncommon trap: reason=class_check action=maybe_recompile pc=0x000001cce3a4c658 method=java.util.HashMap.putVal(ILjava/lang/Object;Ljava/lang/Object;ZZ)Ljava/lang/Object; @ 253 c2
Event: 1.384 Thread 0x000001ccd8cea690 DEOPT PACKING pc=0x000001cce3a4c658 sp=0x000000ba6b1fe3e0
Event: 1.384 Thread 0x000001ccd8cea690 DEOPT UNPACKING pc=0x000001cce3466da2 sp=0x000000ba6b1fe308 mode 2
Event: 1.386 Thread 0x000001ccd8cea690 Uncommon trap: trap_request=0xffffffde fr.pc=0x000001cce3a4c658 relative=0x00000000000009d8
Event: 1.386 Thread 0x000001ccd8cea690 Uncommon trap: reason=class_check action=maybe_recompile pc=0x000001cce3a4c658 method=java.util.HashMap.putVal(ILjava/lang/Object;Ljava/lang/Object;ZZ)Ljava/lang/Object; @ 253 c2
Event: 1.386 Thread 0x000001ccd8cea690 DEOPT PACKING pc=0x000001cce3a4c658 sp=0x000000ba6b1fe3e0
Event: 1.386 Thread 0x000001ccd8cea690 DEOPT UNPACKING pc=0x000001cce3466da2 sp=0x000000ba6b1fe308 mode 2
Event: 1.387 Thread 0x000001ccd8cea690 Uncommon trap: trap_request=0xffffffde fr.pc=0x000001cce3a12c10 relative=0x0000000000000930
Event: 1.387 Thread 0x000001ccd8cea690 Uncommon trap: reason=class_check action=maybe_recompile pc=0x000001cce3a12c10 method=java.util.HashMap.putVal(ILjava/lang/Object;Ljava/lang/Object;ZZ)Ljava/lang/Object; @ 253 c2
Event: 1.387 Thread 0x000001ccd8cea690 DEOPT PACKING pc=0x000001cce3a12c10 sp=0x000000ba6b1fe240
Event: 1.387 Thread 0x000001ccd8cea690 DEOPT UNPACKING pc=0x000001cce3466da2 sp=0x000000ba6b1fe200 mode 2

Classes loaded (20 events):
Event: 1.338 Loading class java/util/concurrent/Executors$RunnableAdapter done
Event: 1.338 Loading class java/util/concurrent/ThreadPoolExecutor$Worker
Event: 1.338 Loading class java/util/concurrent/ThreadPoolExecutor$Worker done
Event: 1.364 Loading class java/util/ArrayList$ListItr
Event: 1.364 Loading class java/util/ArrayList$ListItr done
Event: 1.368 Loading class java/net/ContentHandlerFactory
Event: 1.368 Loading class java/net/ContentHandlerFactory done
Event: 1.386 Loading class java/util/ConcurrentModificationException
Event: 1.386 Loading class java/util/ConcurrentModificationException done
Event: 1.397 Loading class java/util/LinkedList
Event: 1.397 Loading class java/util/AbstractSequentialList
Event: 1.398 Loading class java/util/AbstractSequentialList done
Event: 1.398 Loading class java/util/LinkedList done
Event: 1.406 Loading class java/net/ContentHandler
Event: 1.406 Loading class java/net/ContentHandler done
Event: 1.408 Loading class java/net/UrlDeserializedState
Event: 1.408 Loading class java/net/UrlDeserializedState done
Event: 1.408 Loading class java/lang/reflect/InaccessibleObjectException
Event: 1.408 Loading class java/lang/reflect/InaccessibleObjectException done
Event: 1.411 Loading class sun/awt/www/content/MultimediaContentHandlers

Classes unloaded (0 events):
No events

Classes redefined (0 events):
No events

Internal exceptions (20 events):
Event: 0.567 Thread 0x000001ccd8cea690 Exception <a 'java/lang/NoSuchMethodError'{0x00000000d6557628}: 'java.lang.Object java.lang.invoke.Invokers$Holder.invokeExact_MT(java.lang.Object, java.lang.Object, java.lang.Object, java.lang.Object, java.lang.Object, java.lang.Object)'> (0x00000000d6557628) 
thrown [s\src\hotspot\share\interpreter\linkResolver.cpp, line 773]
Event: 0.578 Thread 0x000001ccd8cea690 Exception <a 'java/lang/NoSuchMethodError'{0x00000000d656e700}: 'int java.lang.invoke.DirectMethodHandle$Holder.invokeStatic(java.lang.Object, java.lang.Object, java.lang.Object, java.lang.Object, java.lang.Object)'> (0x00000000d656e700) 
thrown [s\src\hotspot\share\interpreter\linkResolver.cpp, line 773]
Event: 0.610 Thread 0x000001ccd8cea690 Exception <a 'java/lang/NoSuchMethodError'{0x00000000d66040d0}: 'java.lang.Object java.lang.invoke.DirectMethodHandle$Holder.invokeInterface(java.lang.Object, java.lang.Object, int)'> (0x00000000d66040d0) 
thrown [s\src\hotspot\share\interpreter\linkResolver.cpp, line 773]
Event: 0.746 Thread 0x000001ccd8cea690 Exception <a 'java/lang/NoSuchMethodError'{0x00000000d6a721d0}: 'java.lang.ClassLoader java.lang.ClassLoader.getPlatformClassLoader(java.lang.Class)'> (0x00000000d6a721d0) 
thrown [s\src\hotspot\share\interpreter\linkResolver.cpp, line 773]
Event: 0.836 Thread 0x000001ccd8cea690 Exception <a 'java/lang/ClassNotFoundException'{0x00000000d5590238}: sun/net/www/protocol/c/Handler> (0x00000000d5590238) 
thrown [s\src\hotspot\share\classfile\systemDictionary.cpp, line 313]
Event: 0.836 Thread 0x000001ccd8cea690 Exception <a 'java/lang/ClassNotFoundException'{0x00000000d5591608}: sun/net/www/protocol/c/Handler> (0x00000000d5591608) 
thrown [s\src\hotspot\share\classfile\systemDictionary.cpp, line 313]
Event: 0.836 Thread 0x000001ccd8cea690 Exception <a 'java/lang/ClassNotFoundException'{0x00000000d5592840}: sun/net/www/protocol/c/Handler> (0x00000000d5592840) 
thrown [s\src\hotspot\share\classfile\systemDictionary.cpp, line 313]
Event: 0.845 Thread 0x000001ccd8cea690 Exception <a 'java/io/FileNotFoundException'{0x00000000d55ba5c8}> (0x00000000d55ba5c8) 
thrown [s\src\hotspot\share\prims\jni.cpp, line 520]
Event: 0.907 Thread 0x000001ccd8cea690 Implicit null exception at 0x000001cce3a15b49 to 0x000001cce3a164e0
Event: 0.907 Thread 0x000001ccd8cea690 Implicit null exception at 0x000001cce3a0ee9a to 0x000001cce3a0f0a0
Event: 0.908 Thread 0x000001ccd8cea690 Exception <a 'java/lang/NoSuchMethodError'{0x00000000d56edae8}: 'void java.lang.invoke.DirectMethodHandle$Holder.invokeStatic(java.lang.Object, java.lang.Object, java.lang.Object, java.lang.Object)'> (0x00000000d56edae8) 
thrown [s\src\hotspot\share\interpreter\linkResolver.cpp, line 773]
Event: 0.909 Thread 0x000001ccd8cea690 Implicit null exception at 0x000001cce3a1371a to 0x000001cce3a13924
Event: 0.909 Thread 0x000001ccd8cea690 Implicit null exception at 0x000001cce3a0a33d to 0x000001cce3a0a3c1
Event: 0.994 Thread 0x000001ccd8cea690 Exception <a 'java/lang/NoSuchMethodError'{0x00000000d59ac7d8}: 'void java.lang.invoke.DirectMethodHandle$Holder.invokeSpecial(java.lang.Object, java.lang.Object, java.lang.Object)'> (0x00000000d59ac7d8) 
thrown [s\src\hotspot\share\interpreter\linkResolver.cpp, line 773]
Event: 1.270 Thread 0x000001ccd8cea690 Exception <a 'java/lang/NoSuchMethodError'{0x00000000d62a79e8}: 'int java.lang.invoke.DirectMethodHandle$Holder.invokeVirtual(java.lang.Object, java.lang.Object)'> (0x00000000d62a79e8) 
thrown [s\src\hotspot\share\interpreter\linkResolver.cpp, line 773]
Event: 1.318 Thread 0x000001ccd8cea690 Exception <a 'java/lang/NoSuchMethodError'{0x00000000d641d8e0}: 'int java.lang.invoke.DirectMethodHandle$Holder.invokeStaticInit(java.lang.Object, java.lang.Object, java.lang.Object, java.lang.Object)'> (0x00000000d641d8e0) 
thrown [s\src\hotspot\share\interpreter\linkResolver.cpp, line 773]
Event: 1.320 Thread 0x000001ccd8cea690 Exception <a 'java/lang/IncompatibleClassChangeError'{0x00000000d6425fc8}: Found class java.lang.Object, but interface was expected> (0x00000000d6425fc8) 
thrown [s\src\hotspot\share\interpreter\linkResolver.cpp, line 840]
Event: 1.320 Thread 0x000001ccd8cea690 Exception <a 'java/lang/NoSuchMethodError'{0x00000000d642c558}: 'void java.lang.invoke.DirectMethodHandle$Holder.invokeStaticInit(java.lang.Object, java.lang.Object)'> (0x00000000d642c558) 
thrown [s\src\hotspot\share\interpreter\linkResolver.cpp, line 773]
Event: 1.321 Thread 0x000001ccd8cea690 Exception <a 'java/lang/NoSuchMethodError'{0x00000000d64356f0}: 'int java.lang.invoke.DirectMethodHandle$Holder.invokeStaticInit(java.lang.Object, java.lang.Object)'> (0x00000000d64356f0) 
thrown [s\src\hotspot\share\interpreter\linkResolver.cpp, line 773]
Event: 1.375 Thread 0x000001ccd8cea690 Exception <a 'java/lang/NoSuchMethodError'{0x00000000d667d878}: 'java.lang.Object java.lang.invoke.DirectMethodHandle$Holder.newInvokeSpecial(java.lang.Object, int, java.lang.Object)'> (0x00000000d667d878) 
thrown [s\src\hotspot\share\interpreter\linkResolver.cpp, line 773]

ZGC Phase Switch (0 events):
No events

VM Operations (20 events):
Event: 0.084 Executing non-safepoint VM operation: HandshakeAllThreads (Deoptimize)
Event: 0.084 Executing non-safepoint VM operation: HandshakeAllThreads (Deoptimize) done
Event: 0.152 Executing non-safepoint VM operation: HandshakeAllThreads (Deoptimize)
Event: 0.152 Executing non-safepoint VM operation: HandshakeAllThreads (Deoptimize) done
Event: 0.495 Executing non-safepoint VM operation: HandshakeAllThreads (Deoptimize)
Event: 0.495 Executing non-safepoint VM operation: HandshakeAllThreads (Deoptimize) done
Event: 0.510 Executing non-safepoint VM operation: HandshakeAllThreads (Deoptimize)
Event: 0.510 Executing non-safepoint VM operation: HandshakeAllThreads (Deoptimize) done
Event: 0.794 Executing safepoint VM operation: ICBufferFull
Event: 0.794 Executing safepoint VM operation: ICBufferFull done
Event: 0.824 Executing safepoint VM operation: ParallelGCFailedAllocation (Allocation Failure)
Event: 0.831 Executing safepoint VM operation: ParallelGCFailedAllocation (Allocation Failure) done
Event: 1.354 Executing non-safepoint VM operation: HandshakeAllThreads (Deoptimize)
Event: 1.354 Executing non-safepoint VM operation: HandshakeAllThreads (Deoptimize) done
Event: 1.364 Executing non-safepoint VM operation: HandshakeAllThreads (Deoptimize)
Event: 1.364 Executing non-safepoint VM operation: HandshakeAllThreads (Deoptimize) done
Event: 1.398 Executing non-safepoint VM operation: HandshakeAllThreads (Deoptimize)
Event: 1.398 Executing non-safepoint VM operation: HandshakeAllThreads (Deoptimize) done
Event: 1.409 Executing non-safepoint VM operation: HandshakeAllThreads (Deoptimize)
Event: 1.409 Executing non-safepoint VM operation: HandshakeAllThreads (Deoptimize) done

Memory protections (0 events):
No events

Nmethod flushes (0 events):
No events

Events (13 events):
Event: 0.029 Thread 0x000001ccd8cea690 Thread added: 0x000001ccd8cea690
Event: 0.046 Thread 0x000001ccd8cea690 Thread added: 0x000001ccd8c53f80
Event: 0.046 Thread 0x000001ccd8cea690 Thread added: 0x000001ccd8c59800
Event: 0.046 Thread 0x000001ccd8cea690 Thread added: 0x000001ccd8c5e270
Event: 0.046 Thread 0x000001ccd8cea690 Thread added: 0x000001ccd8c5c830
Event: 0.046 Thread 0x000001ccd8cea690 Thread added: 0x000001ccd8c5e900
Event: 0.046 Thread 0x000001ccd8cea690 Thread added: 0x000001ccd8c5fcb0
Event: 0.046 Thread 0x000001ccd8cea690 Thread added: 0x000001ccd8c6dd50
Event: 0.047 Thread 0x000001ccd8cea690 Thread added: 0x000001ccd8c710d0
Event: 0.108 Thread 0x000001ccd8cea690 Thread added: 0x000001ccd8c5f620
Event: 0.334 Thread 0x000001ccd8cea690 Thread added: 0x000001ccd8c5d550
Event: 0.337 Thread 0x000001ccd8c710d0 Thread added: 0x000001ccf53525f0
Event: 1.339 Thread 0x000001ccd8cea690 Thread added: 0x000001ccd8c5ef90


Dynamic libraries:
0x00007ff799140000 - 0x00007ff79914e000 	c:\Users\chenuka\.vscode\extensions\redhat.java-1.55.0-win32-x64\jre\21.0.11-win32-x86_64\bin\java.exe
0x00007ffc91a20000 - 0x00007ffc91c86000 	C:\WINDOWS\SYSTEM32\ntdll.dll
0x00007ffc90100000 - 0x00007ffc901c9000 	C:\WINDOWS\System32\KERNEL32.DLL
0x00007ffc8efd0000 - 0x00007ffc8f3cf000 	C:\WINDOWS\System32\KERNELBASE.dll
0x00007ffc8f4a0000 - 0x00007ffc8f5ec000 	C:\WINDOWS\System32\ucrtbase.dll
0x00007ffc795d0000 - 0x00007ffc795e8000 	c:\Users\chenuka\.vscode\extensions\redhat.java-1.55.0-win32-x64\jre\21.0.11-win32-x86_64\bin\jli.dll
0x00007ffc795f0000 - 0x00007ffc7960e000 	c:\Users\chenuka\.vscode\extensions\redhat.java-1.55.0-win32-x64\jre\21.0.11-win32-x86_64\bin\VCRUNTIME140.dll
0x00007ffc909b0000 - 0x00007ffc90b76000 	C:\WINDOWS\System32\USER32.dll
0x00007ffc78ae0000 - 0x00007ffc78d71000 	C:\WINDOWS\WinSxS\amd64_microsoft.windows.common-controls_6595b64144ccf1df_6.0.26100.8972_none_3e0da176e32f9d4b\COMCTL32.dll
0x00007ffc8ec30000 - 0x00007ffc8ec57000 	C:\WINDOWS\System32\win32u.dll
0x00007ffc90050000 - 0x00007ffc900f9000 	C:\WINDOWS\System32\msvcrt.dll
0x00007ffc90980000 - 0x00007ffc909ab000 	C:\WINDOWS\System32\GDI32.dll
0x00007ffc8eea0000 - 0x00007ffc8efc9000 	C:\WINDOWS\System32\gdi32full.dll
0x00007ffc8ec60000 - 0x00007ffc8ed03000 	C:\WINDOWS\System32\msvcp_win.dll
0x00007ffc91970000 - 0x00007ffc919a2000 	C:\WINDOWS\System32\IMM32.DLL
0x00007ffc89db0000 - 0x00007ffc89dbc000 	c:\Users\chenuka\.vscode\extensions\redhat.java-1.55.0-win32-x64\jre\21.0.11-win32-x86_64\bin\vcruntime140_1.dll
0x00007ffc57000000 - 0x00007ffc5708d000 	c:\Users\chenuka\.vscode\extensions\redhat.java-1.55.0-win32-x64\jre\21.0.11-win32-x86_64\bin\msvcp140.dll
0x00007ffba7930000 - 0x00007ffba86d2000 	c:\Users\chenuka\.vscode\extensions\redhat.java-1.55.0-win32-x64\jre\21.0.11-win32-x86_64\bin\server\jvm.dll
0x00007ffc8fd50000 - 0x00007ffc8fe0c000 	C:\WINDOWS\System32\ADVAPI32.dll
0x00007ffc90f90000 - 0x00007ffc9103a000 	C:\WINDOWS\System32\sechost.dll
0x00007ffc90860000 - 0x00007ffc90978000 	C:\WINDOWS\System32\RPCRT4.dll
0x00007ffc8fe20000 - 0x00007ffc8fea2000 	C:\WINDOWS\System32\WS2_32.dll
0x00007ffc8ea90000 - 0x00007ffc8eaee000 	C:\WINDOWS\SYSTEM32\POWRPROF.dll
0x00007ffc8c410000 - 0x00007ffc8c446000 	C:\WINDOWS\SYSTEM32\WINMM.dll
0x00007ffc7cd30000 - 0x00007ffc7cd3b000 	C:\WINDOWS\SYSTEM32\VERSION.dll
0x00007ffc8ea70000 - 0x00007ffc8ea85000 	C:\WINDOWS\SYSTEM32\UMPDC.dll
0x00007ffc8d920000 - 0x00007ffc8d93b000 	C:\WINDOWS\SYSTEM32\kernel.appcore.dll
0x00007ffc7b130000 - 0x00007ffc7b13a000 	c:\Users\chenuka\.vscode\extensions\redhat.java-1.55.0-win32-x64\jre\21.0.11-win32-x86_64\bin\jimage.dll
0x00007ffc8c170000 - 0x00007ffc8c3b2000 	C:\WINDOWS\SYSTEM32\DBGHELP.DLL
0x00007ffc90b80000 - 0x00007ffc90f05000 	C:\WINDOWS\System32\combase.dll
0x00007ffc8ff70000 - 0x00007ffc90049000 	C:\WINDOWS\System32\OLEAUT32.dll
0x00007ffc8c3d0000 - 0x00007ffc8c40b000 	C:\WINDOWS\SYSTEM32\dbgcore.DLL
0x00007ffc8f690000 - 0x00007ffc8f73c000 	C:\WINDOWS\System32\bcryptPrimitives.dll
0x00007ffc589e0000 - 0x00007ffc589ef000 	c:\Users\chenuka\.vscode\extensions\redhat.java-1.55.0-win32-x64\jre\21.0.11-win32-x86_64\bin\instrument.dll
0x00007ffc783c0000 - 0x00007ffc783e0000 	c:\Users\chenuka\.vscode\extensions\redhat.java-1.55.0-win32-x64\jre\21.0.11-win32-x86_64\bin\java.dll
0x00007ffc911e0000 - 0x00007ffc91968000 	C:\WINDOWS\System32\SHELL32.dll
0x00007ffc8c6c0000 - 0x00007ffc8cf5b000 	C:\WINDOWS\SYSTEM32\windows.storage.dll
0x00007ffc8fab0000 - 0x00007ffc8fba9000 	C:\WINDOWS\System32\SHCORE.dll
0x00007ffc901d0000 - 0x00007ffc90236000 	C:\WINDOWS\System32\shlwapi.dll
0x00007ffc8eb50000 - 0x00007ffc8eb79000 	C:\WINDOWS\SYSTEM32\profapi.dll
0x00007ffc783a0000 - 0x00007ffc783b8000 	c:\Users\chenuka\.vscode\extensions\redhat.java-1.55.0-win32-x64\jre\21.0.11-win32-x86_64\bin\zip.dll
0x00007ffc795a0000 - 0x00007ffc795b0000 	C:\Users\chenuka\.vscode\extensions\redhat.java-1.55.0-win32-x64\jre\21.0.11-win32-x86_64\bin\net.dll
0x00007ffc87650000 - 0x00007ffc87778000 	C:\WINDOWS\SYSTEM32\WINHTTP.dll
0x00007ffc8ded0000 - 0x00007ffc8df3c000 	C:\WINDOWS\system32\mswsock.dll
0x00007ffc77a50000 - 0x00007ffc77a66000 	C:\Users\chenuka\.vscode\extensions\redhat.java-1.55.0-win32-x64\jre\21.0.11-win32-x86_64\bin\nio.dll
0x00007ffc586a0000 - 0x00007ffc586b0000 	c:\Users\chenuka\.vscode\extensions\redhat.java-1.55.0-win32-x64\jre\21.0.11-win32-x86_64\bin\verify.dll

JVMTI agents:
c:\Users\chenuka\.vscode\extensions\redhat.java-1.55.0-win32-x64\lombok\lombok-1.18.39-4050.jar path:c:\Users\chenuka\.vscode\extensions\redhat.java-1.55.0-win32-x64\jre\21.0.11-win32-x86_64\bin\instrument.dll, loaded, initialized, instrumentlib options:none

dbghelp: loaded successfully - version: 4.0.5 - missing functions: none
symbol engine: initialized successfully - sym options: 0x614 - pdb path: .;c:\Users\chenuka\.vscode\extensions\redhat.java-1.55.0-win32-x64\jre\21.0.11-win32-x86_64\bin;C:\WINDOWS\SYSTEM32;C:\WINDOWS\WinSxS\amd64_microsoft.windows.common-controls_6595b64144ccf1df_6.0.26100.8972_none_3e0da176e32f9d4b;c:\Users\chenuka\.vscode\extensions\redhat.java-1.55.0-win32-x64\jre\21.0.11-win32-x86_64\bin\server

VM Arguments:
jvm_args: --add-modules=ALL-SYSTEM --add-opens=java.base/java.util=ALL-UNNAMED --add-opens=java.base/java.lang=ALL-UNNAMED --add-opens=java.base/sun.nio.fs=ALL-UNNAMED -Declipse.application=org.eclipse.jdt.ls.core.id1 -Dosgi.bundles.defaultStartLevel=4 -Declipse.product=org.eclipse.jdt.ls.core.product -Djava.import.generatesMetadataFilesAtProjectRoot=false -DDetectVMInstallationsJob.disabled=true -Dfile.encoding=utf8 -XX:+UseParallelGC -XX:GCTimeRatio=4 -XX:AdaptiveSizePolicyWeight=90 -Dsun.zip.disableMemoryMapping=true -Xmx2G -Xms100m -Xlog:disable -javaagent:c:\Users\chenuka\.vscode\extensions\redhat.java-1.55.0-win32-x64\lombok\lombok-1.18.39-4050.jar 
java_command: c:\Users\chenuka\.vscode\extensions\redhat.java-1.55.0-win32-x64\server\plugins\org.eclipse.equinox.launcher_1.7.200.v20260619-2039.jar -configuration c:\Users\chenuka\AppData\Roaming\Code\User\globalStorage\redhat.java\1.55.0\config_ss_win -data c:\Users\chenuka\AppData\Roaming\Code\User\workspaceStorage\e175cf0691be672f2fa39d53267bf843\redhat.java\ss_ws --pipe=\\.\pipe\lsp-13b3a0b7233fdb5b6edf020ee00c2771-sock
java_class_path (initial): c:\Users\chenuka\.vscode\extensions\redhat.java-1.55.0-win32-x64\server\plugins\org.eclipse.equinox.launcher_1.7.200.v20260619-2039.jar
Launcher Type: SUN_STANDARD

[Global flags]
    uintx AdaptiveSizePolicyWeight                 = 90                                        {product} {command line}
     intx CICompilerCount                          = 4                                         {product} {ergonomic}
    uintx GCTimeRatio                              = 4                                         {product} {command line}
   size_t InitialHeapSize                          = 104857600                                 {product} {command line}
   size_t MaxHeapSize                              = 2147483648                                {product} {command line}
   size_t MaxNewSize                               = 715653120                                 {product} {ergonomic}
   size_t MinHeapDeltaBytes                        = 524288                                    {product} {ergonomic}
   size_t MinHeapSize                              = 104857600                                 {product} {command line}
   size_t NewSize                                  = 34603008                                  {product} {ergonomic}
    uintx NonNMethodCodeHeapSize                   = 5839372                                {pd product} {ergonomic}
    uintx NonProfiledCodeHeapSize                  = 122909434                              {pd product} {ergonomic}
   size_t OldSize                                  = 70254592                                  {product} {ergonomic}
    uintx ProfiledCodeHeapSize                     = 122909434                              {pd product} {ergonomic}
    uintx ReservedCodeCacheSize                    = 251658240                              {pd product} {ergonomic}
     bool SegmentedCodeCache                       = true                                      {product} {ergonomic}
   size_t SoftMaxHeapSize                          = 2147483648                             {manageable} {ergonomic}
     bool UseCompressedOops                        = true                           {product lp64_product} {ergonomic}
     bool UseLargePagesIndividualAllocation        = false                                  {pd product} {ergonomic}
     bool UseParallelGC                            = true                                      {product} {command line}

Logging:
Log output configuration:
 #0: stdout all=off uptime,level,tags foldmultilines=false
 #1: stderr all=off uptime,level,tags foldmultilines=false

Release file:
JAVA_VERSION="21.0.11" 
MODULES="java.base java.compiler java.datatransfer java.xml java.prefs java.desktop java.instrument java.logging java.management java.security.sasl java.naming java.rmi java.management.rmi java.net.http java.scripting java.security.jgss java.transaction.xa java.sql java.sql.rowset java.xml.crypto java.se java.smartcardio jdk.accessibility jdk.internal.jvmstat jdk.attach jdk.charsets jdk.internal.opt jdk.zipfs jdk.compiler jdk.crypto.ec jdk.crypto.cryptoki jdk.crypto.mscapi jdk.dynalink jdk.internal.ed jdk.editpad jdk.hotspot.agent jdk.httpserver jdk.internal.le jdk.internal.vm.ci jdk.internal.vm.compiler jdk.internal.vm.compiler.management jdk.jartool jdk.javadoc jdk.jcmd jdk.management jdk.management.agent jdk.jconsole jdk.jdeps jdk.jdwp.agent jdk.jdi jdk.jfr jdk.jshell jdk.jsobject jdk.jstatd jdk.localedata jdk.management.jfr jdk.naming.dns jdk.naming.rmi jdk.net jdk.nio.mapmode jdk.random jdk.sctp jdk.security.auth jdk.security.jgss jdk.unsupported jdk.unsupported.desktop jdk.xml.dom" 

Environment Variables:
PATH=C:\Program Files (x86)\NVIDIA Corporation\PhysX\Common;C:\Python312\Scripts\;C:\Python312\;C:\Program Files\Python310\Scripts\;C:\Program Files\Python310\;C:\Program Files\Common Files\Oracle\Java\javapath;C:\WINDOWS\system32;C:\WINDOWS;C:\WINDOWS\System32\Wbem;C:\WINDOWS\System32\WindowsPowerShell\v1.0\;C:\WINDOWS\System32\OpenSSH\;C:\Program Files\dotnet\;C:\Program Files\Git\cmd;C:\Program Files\Git\bin;C:\ProgramData\chocolatey\bin;C:\Program Files\Microchip\xc8\v2.46\bin;C:\Program Files\Microchip\xc-dsc\v3.00\bin;C:\Program Files\Microchip\xc16\v2.10\bin;C:\Program Files\Docker\Docker\resources\bin;C:\Program Files\nodejs\;D:\Matlab install\runtime\win64;D:\Matlab install\bin;D:\Matlab install\polyspace\bin;C:\Program Files (x86)\Windows Kits\8.1\Windows Performance Toolkit\;C:\MinGW\bin;C:\Program Files\PuTTY\;C:\Program Files (x86)\IVI Foundation\VISA\WinNT\Bin\;C:\Program Files\IVI Foundation\VISA\Win64\Bin\;C:\Program Files (x86)\National Instruments\Shared\LabVIEW CLI;C:\Program Files (x86)\IVI Foundation\VISA\WinNT\Bin;C:\Program Files\Microsoft SQL Server\Client SDK\ODBC\110\Tools\Binn\;C:\Program Files (x86)\Microsoft SQL Server\120\Tools\Binn\;C:\Program Files\Microsoft SQL Server\120\Tools\Binn\;C:\Program Files\Microsoft SQL Server\120\DTS\Binn\;C:\PROGRA~2\FANUC\Shared\Utilities;C:\PROGRA~2\FANUC\WinOLPC\bin;C:\Program Files (x86)\IVI Foundation\IVI\Bin\;C:\Program Files\IVI Foundation\IVI\Bin\;C:\Users\chenuka\AppData\Local\Microsoft\WindowsApps;C:\Users\chenuka\AppData\Local\Programs\Microsoft VS Code\bin;C:\Program Files (x86)\php-8.3.1;C:\Users\chenuka\AppData\Roaming\npm;C:\Users\chenuka\AppData\Local\Programs\Antigravity\bin;C:\flutter\bin;C:\Users\chenuka\AppData\Local\Programs\Antigravity IDE\bin;C:\Users\chenuka\AppData\Local\Microsoft\WindowsApps;
USERNAME=chenuka
OS=Windows_NT
PROCESSOR_IDENTIFIER=Intel64 Family 6 Model 140 Stepping 1, GenuineIntel
TMP=C:\Users\chenuka\AppData\Local\Temp
TEMP=C:\Users\chenuka\AppData\Local\Temp




Periodic native trim disabled

---------------  S Y S T E M  ---------------

OS:
 Windows 11 , 64 bit Build 26100 (10.0.26100.9168)
OS uptime: 0 days 4:32 hours
Hyper-V role detected

CPU: total 8 (initial active 8) (4 cores per cpu, 2 threads per core) family 6 model 140 stepping 1 microcode 0xba, cx8, cmov, fxsr, ht, mmx, 3dnowpref, sse, sse2, sse3, ssse3, sse4.1, sse4.2, popcnt, lzcnt, tsc, tscinvbit, avx, avx2, aes, erms, clmul, bmi1, bmi2, adx, avx512f, avx512dq, avx512cd, avx512bw, avx512vl, sha, fma, vzeroupper, avx512_vpopcntdq, avx512_vpclmulqdq, avx512_vaes, avx512_vnni, clflush, clflushopt, clwb, avx512_vbmi2, avx512_vbmi, hv, rdtscp, rdpid, fsrm, gfni, avx512_bitalg, f16c, cet_ibt, cet_ss, avx512_ifma
Processor Information for processor 0
  Max Mhz: 1382, Current Mhz: 1382, Mhz Limit: 1382
Processor Information for processor 1
  Max Mhz: 1382, Current Mhz: 1382, Mhz Limit: 1382
Processor Information for processor 2
  Max Mhz: 1382, Current Mhz: 1382, Mhz Limit: 1382
Processor Information for processor 3
  Max Mhz: 1382, Current Mhz: 1382, Mhz Limit: 1382
Processor Information for processor 4
  Max Mhz: 1382, Current Mhz: 1382, Mhz Limit: 1382
Processor Information for processor 5
  Max Mhz: 1382, Current Mhz: 1382, Mhz Limit: 1382
Processor Information for processor 6
  Max Mhz: 1382, Current Mhz: 1382, Mhz Limit: 1382
Processor Information for processor 7
  Max Mhz: 1382, Current Mhz: 987, Mhz Limit: 1382

Memory: 4k page, system-wide physical 7914M (345M free)
TotalPageFile size 26627M (AvailPageFile size 4M)
current process WorkingSet (physical memory assigned to process): 90M, peak: 90M
current process commit charge ("private bytes"): 240M, peak: 241M

vm_info: OpenJDK 64-Bit Server VM (21.0.11+10-LTS) for windows-amd64 JRE (21.0.11+10-LTS), built on 2026-04-21T00:00:00Z by "admin" with MS VC++ 17.12 (VS2022)

END.
